gnu.java.io.decode.Decoder
gnu.java.io.decode.Decoder8859_1
gnu.java.io.decode.Decoder8859_2
gnu.java.io.decode.Decoder8859_3
gnu.java.io.decode.Decoder8859_4
gnu.java.io.decode.Decoder8859_5
gnu.java.io.decode.DecoderEightBitLookup
gnu.java.io.decode.DecoderUTF8
gnu.java.io.encode.Encoder
gnu.java.io.encode.Encoder8859_1
gnu.java.io.encode.Encoder8859_2
gnu.java.io.encode.Encoder8859_3
gnu.java.io.encode.Encoder8859_4
gnu.java.io.encode.Encoder8859_5
gnu.java.io.encode.EncoderEightBitLookup
gnu.java.io.encode.EncoderUTF8
gnu.java.io.EncodingManager
gnu.java.io.ObjectIdentityWrapper
gnu.java.io.NullOutputStream
gnu.java.io.ClassLoaderObjectInputStream
gnu.java.lang.reflect.TypeSignature
gnu.java.lang.ClassLoaderHelper
gnu.java.lang.ClassHelper
gnu.java.lang.ArrayHelper
gnu.java.lang.StackTrace
gnu.java.lang.StackFrame
gnu.java.locale.LocaleInformation
gnu.java.locale.LocaleInformation_en
java.io.OutputStream
java.io.UnsupportedEncodingException
java.io.Serializable
java.io.PrintWriter
java.io.PrintStream
java.io.ObjectOutputStream
java.io.ObjectOutputStream$PutField
java.io.ObjectOutputStream$1
java.io.ObjectInputStream
java.io.ObjectInputStream$1
java.io.ObjectInputStream$GetField
java.io.ObjectInputStream$2
java.io.ValidatorAndPriority
java.io.IOException
java.io.FilterOutputStream
java.io.File
java.io.Writer
java.io.ObjectOutput
java.io.ObjectStreamConstants
java.io.DataOutput
java.io.NotActiveException
java.io.InputStream
java.io.ObjectInput
java.io.DataInput
java.io.EOFException
java.io.UTFDataFormatException
java.io.StreamCorruptedException
java.io.InvalidObjectException
java.io.OptionalDataException
java.io.ObjectStreamException
java.io.ObjectStreamField
java.io.Reader
java.io.FileInputStream
java.io.FileNotFoundException
java.io.FileDescriptor
java.io.SyncFailedException
java.io.FileOutputStream
java.io.CharConversionException
java.io.DataInputStream
java.io.FilterInputStream
java.io.RandomAccessFile
java.io.OutputStreamWriter
java.io.DataOutputStream
java.io.ObjectStreamClass
java.io.InterfaceComparator
java.io.MemberComparator
java.io.Replaceable
java.io.NotSerializableException
java.io.Externalizable
java.io.BlockDataException
java.io.WriteAbortedException
java.io.ObjectInputValidation
java.io.Resolvable
java.io.BufferedReader
java.io.InputStreamReader
java.io.FilenameFilter
java.io.FileFilter
java.io.PushbackInputStream
java.io.ByteArrayOutputStream
java.io.BufferedInputStream
java.io.BufferedOutputStream
java.io.BufferedWriter
java.io.CharArrayReader
java.io.CharArrayWriter
java.io.ByteArrayInputStream
java.io.FilePermission
java.io.FileReader
java.io.FileWriter
java.io.FilterReader
java.io.FilterWriter
java.io.InterruptedIOException
java.io.InvalidClassException
java.io.LineNumberInputStream
java.io.LineNumberReader
java.io.PipedInputStream
java.io.PipedOutputStream
java.io.PipedReader
java.io.PipedWriter
java.io.PushbackReader
java.io.SequenceInputStream
java.io.SerializablePermission
java.io.StreamTokenizer
java.io.StringBufferInputStream
java.io.StringReader
java.io.StringWriter
java.lang.reflect.Method
java.lang.reflect.Member
java.lang.reflect.InvocationTargetException
java.lang.reflect.Array
java.lang.reflect.Modifier
java.lang.reflect.Constructor
java.lang.reflect.Field
java.lang.Object
java.lang.ref.Reference
java.lang.ref.PhantomReference
java.lang.ref.ReferenceQueue
java.lang.ref.SoftReference
java.lang.ref.WeakReference
java.lang.Compiler
java.lang.Throwable
java.lang.CloneNotSupportedException
java.lang.IllegalMonitorStateException
java.lang.InterruptedException
java.lang.NotSupportedError
java.lang.Error
java.lang.RuntimeException
java.lang.System
java.lang.String
java.lang.NullPointerException
java.lang.IndexOutOfBoundsException
java.lang.Class
java.lang.InstantiationException
java.lang.IllegalAccessException
java.lang.ClassNotFoundException
java.lang.SecurityException
java.lang.NoSuchMethodException
java.lang.NoSuchFieldException
java.lang.Integer
java.lang.Number
java.lang.NumberFormatException
java.lang.Exception
java.lang.StringBuffer
java.lang.NegativeArraySizeException
java.lang.StringIndexOutOfBoundsException
java.lang.ArrayStoreException
java.lang.IllegalArgumentException
java.lang.SecurityManager
java.lang.SecurityContext
java.lang.Cloneable
java.lang.UnsupportedOperationException
java.lang.ClassCastException
java.lang.Comparable
java.lang.Runtime
java.lang.Character
java.lang.Character$Subset
java.lang.Block
java.lang.CharAttr
java.lang.Math
java.lang.Long
java.lang.Float
java.lang.Double
java.lang.IllegalStateException
java.lang.UnknownError
java.lang.VirtualMachineError
java.lang.ClassLoader
java.lang.ClassFormatError
java.lang.Boolean
java.lang.Byte
java.lang.Short
java.lang.ArrayIndexOutOfBoundsException
java.lang.NoSuchMethodError
java.lang.Thread
java.lang.IncompatibleClassChangeError
java.lang.LinkageError
java.lang.NoClassDefFoundError
java.lang.Void
java.lang.ThreadGroup
java.lang.UnsatisfiedLinkError
java.lang.Process
java.lang.Runnable
java.lang.IllegalThreadStateException
java.lang.ThreadDeath
java.lang.AbstractMethodError
java.lang.ArithmeticException
java.lang.ClassCircularityError
java.lang.ExceptionInInitializerError
java.lang.IllegalAccessError
java.lang.InstantiationError
java.lang.InternalError
java.lang.NoSuchFieldError
java.lang.OutOfMemoryError
java.lang.RuntimePermission
java.lang.StackOverflowError
java.lang.UnsupportedClassVersionError
java.lang.VerifyError
java.net.URL
java.net.MalformedURLException
java.net.InetAddress
java.net.UnknownHostException
java.net.URLStreamHandlerFactory
java.net.URLStreamHandler
java.net.NetPermission
java.net.URLConnection
java.net.FileNameMap
java.net.MimeTypeMapper
java.net.ContentHandlerFactory
java.net.ContentHandler
java.net.UnknownServiceException
java.security.Security
java.security.DigestOutputStream
java.security.MessageDigest
java.security.NoSuchAlgorithmException
java.security.Permission
java.security.Guard
java.security.BasicPermission
java.security.BasicPermission$1
java.security.MessageDigestSpi
java.security.DigestException
java.security.NoSuchProviderException
java.security.GeneralSecurityException
java.security.Provider
java.security.PermissionCollection
java.security.AllPermission
java.text.DateFormat
java.text.ParsePosition
java.text.ParseException
java.text.Format
java.text.DateFormatSymbols
java.text.NumberFormat
java.text.FieldPosition
java.text.SimpleDateFormat
java.text.SimpleDateFormat$FieldSizePair
java.text.Annotation
java.text.AttributedCharacterIterator
java.text.AttributedCharacterIterator$Attribute
java.text.AttributedString
java.text.AttributedString$AttributeRange
java.text.AttributedStringIterator
java.text.BreakIterator
java.text.CharacterIterator
java.text.CollationElementIterator
java.text.CollationKey
java.text.Collator
java.text.DefaultBreakIterator
java.text.RuleBasedCollator
java.text.StringCharacterIterator
java.text.RuleBasedCollator$CollationElement
java.text.ChoiceFormat
java.text.MessageFormatElement
java.text.MessageFormat
java.text.DecimalFormatSymbols
java.text.DecimalFormat
java.util.Hashtable
java.util.Hashtable$HashtableEntry
java.util.Hashtable$HashtableEnumeration
java.util.Hashtable$HashtableSet
java.util.Hashtable$HashtableCollection
java.util.Hashtable$HashtableIterator
java.util.Map
java.util.Locale
java.util.Arrays
java.util.Arrays$ListImpl
java.util.Vector
java.util.Properties
java.util.Dictionary
java.util.Map$Entry
java.util.Bucket
java.util.Bucket$Node
java.util.BasicMapEntry
java.util.Enumeration
java.util.AbstractSet
java.util.AbstractCollection
java.util.Set
java.util.Collection
java.util.Iterator
java.util.StringTokenizer
java.util.Random
java.util.Comparator
java.util.MissingResourceException
java.util.NoSuchElementException
java.util.ConcurrentModificationException
java.util.ResourceBundle
java.util.AbstractList
java.util.List
java.util.AbstractList$1
java.util.AbstractList$2
java.util.AbstractList$3
java.util.AbstractList$4
java.util.ListIterator
java.util.Collections
java.util.Collections$1
java.util.Collections$2
java.util.Collections$3
java.util.Collections$4
java.util.Collections$5
java.util.Collections$6
java.util.Collections$7
java.util.Collections$8
java.util.Collections$9
java.util.Date
java.util.DoubleEnumeration
java.util.PropertyResourceBundle
java.util.AbstractSequentialList
java.util.SortedMap
java.util.SortedSet
java.util.GregorianCalendar
java.util.Calendar
java.util.TimeZone
java.util.SimpleTimeZone
java.util.HashSet
java.util.HashMap
java.util.HashMap$Null
java.util.HashMap$HashMapSet
java.util.HashMap$HashMapCollection
java.util.HashMap$HashMapIterator
java.util.HashMap$HashMapEntry
java.util.AbstractMap
java.util.AbstractMap$1
java.util.AbstractMap$2
java.util.AbstractMap$3
java.util.AbstractMap$4
java.util.ListResourceBundle
java.util.ListResourceBundle$1
java.util.BitSet
java.util.Stack
java.util.EmptyStackException
java.util.WeakHashMap
java.util.zip.Checksum
java.util.zip.Adler32
java.util.zip.CRC32
java.util.zip.CheckedInputStream
java.util.zip.CheckedOutputStream
java.util.zip.DataFormatException
java.util.zip.DeflaterOutputStream
java.util.zip.InflaterInputStream
java.util.zip.GZIPInputStream
java.util.zip.ZipException
java.util.zip.GZIPOutputStream
java.util.zip.ZipConstants
java.util.zip.ZipEntry
java.util.zip.ZipEnumeration
java.util.zip.ZipFile
java.util.zip.ZipInputStream
java.util.zip.ZipOutputStream
java.util.zip.Deflater
java.util.zip.Inflater
java.util.WeakHashMap$1
java.util.WeakHashMap$WeakEntrySet
java.util.WeakHashMap$WeakBucket
java.util.WeakHashMap$WeakBucket$Entry
java.awt.Dimension
java.awt.Point
